smiles@smiles-All-Series:~$ git init
重新初始化现存的 Git 版本库于 /home/smiles/.git/
smiles@smiles-All-Series:~$ git status
位于分支 master

初始提交

未跟踪的文件:
  （使用 "git add <file>..." 以包含要提交的内容）

	.AndroidStudio2.2/
	#……此处省略N多

	why/
	zby/

提交为空，但是存在尚未跟踪的文件（使用 "git add" 建立跟踪）

smiles@smiles-All-Series:~/zby/git$ git add git_test

smiles@smiles-All-Series:~/zby/git$ git commit -m 'test_add' --author='when<when@mail.com>'
fatal: 非法的 --author 参数
smiles@smiles-All-Series:~/zby/git$ git commit -m 'test_add'--author='when<when@mail.com>'

*** Please tell me who you are.

Run

  git config --global user.email "you@example.com"
  git config --global user.name "Your Name"

to set your account's default identity.
Omit --global to set the identity only in this repository.

fatal: unable to auto-detect email address (got 'smiles@smiles-All-Series.(none)')


smiles@smiles-All-Series:~/zby/git$ git config user.email "when_global@mail.com"
smiles@smiles-All-Series:~/zby/git$ git config user.name "when_glabal"

smiles@smiles-All-Series:~/zby/git$ git commit -m 'test_add' --author='when_global'
fatal: 没有找到匹配 'when_global' 的作者

必须与github匹配？然而并无验证

smiles@smiles-All-Series:~/zby/git$ git config user.email "zhubiying77@126.com"
smiles@smiles-All-Series:~/zby/git$ git config user.name "whenevr77"
smiles@smiles-All-Series:~/zby/git$ git commit -m 'test_add'
[master （根提交） 10bd7f9] test_add
 1 file changed, 1 insertion(+)
 create mode 100644 zby/git/git_test

成功添加 用户名还是错的


用法：git config [选项]

配置文件位置
    --global              使用全局配置文件
    --system              使用系统级配置文件
    --local               使用版本库级配置文件
    -f, --file <文件>     使用指定的配置文件
    --blob <数据对象ID>   从给定的数据对象读取配置

操作
    --get                 获取值：name [value-regex]
    --get-all             获得所有的值：key [value-regex]
    --get-regexp          根据正则表达式获得值：name-regex [value-regex]
    --get-urlmatch        获得 URL 取值：section[.var] URL
    --replace-all         替换所有匹配的变量：name value [value_regex]
    --add                 添加一个新的变量：name value
    --unset               删除一个变量：name [value-regex]
    --unset-all           删除所有匹配项：name [value-regex]
    --rename-section      重命名小节：old-name new-name
    --remove-section      删除一个小节：name
    -l, --list            列出所有
    -e, --edit            打开一个编辑器
    --get-color <slot>    找到配置的颜色：[默认]
    --get-colorbool <slot>
                          找到颜色设置：[stdout-is-tty]

类型
    --bool                值是 "true" 或 "false"
    --int                 值是十进制数
    --bool-or-int         值是 --bool or --int
    --path                值是一个路径（文件或目录名）

其它
    -z, --null            终止值是NUL字节
    --includes            查询时参照 include 指令递归查找

smiles@smiles-All-Series:~/zby/git$ git config -l
user.name=whenever77
core.repositoryformatversion=0
core.filemode=true
core.bare=false
core.logallrefupdates=true
user.email=zhubiying77@126.com
user.name=whenevr77


smiles@smiles-All-Series:~/zby/git$ git config --global --unset name whenevr77
error: key does not contain a section: name
smiles@smiles-All-Series:~/zby/git$ git config --global --unset user.name whenevr77
smiles@smiles-All-Series:~/zby/git$ git config -l
user.name=whenever77
core.repositoryformatversion=0
core.filemode=true
core.bare=false
core.logallrefupdates=true
user.email=zhubiying77@126.com
user.name=whenevr77
smiles@smiles-All-Series:~/zby/git$ 
